src/components/DashboardLayout.tsx(83,7): error TS6133: 'iconMap' is declared but its value is never read.
src/components/DashboardLayout.tsx(517,3): error TS6133: 'isResizing' is declared but its value is never read.
src/components/LeftSidebar.tsx(23,29): error TS6133: 'ShortcutItem' is declared but its value is never read.
src/components/LeftSidebar.tsx(27,7): error TS6133: 'iconMap' is declared but its value is never read.
src/components/Map.tsx(77,23): error TS2688: Cannot find type definition file for '@types/google.maps'.
src/components/Map.tsx(85,21): error TS2304: Cannot find name 'google'.
src/components/Map.tsx(114,19): error TS2503: Cannot find namespace 'google'.
src/components/Map.tsx(116,22): error TS2503: Cannot find namespace 'google'.
src/components/Map.tsx(126,22): error TS2503: Cannot find namespace 'google'.
src/components/TopMenuBar.tsx(24,1): error TS6133: 'cn' is declared but its value is never read.
src/components/TopMenuBar.tsx(35,31): error TS6133: 'Menu' is declared but its value is never read.
src/components/TopMenuBar.tsx(80,9): error TS6133: 'toggleSidebar' is declared but its value is never read.
src/components/TopMenuBar.tsx(81,11): error TS6133: 'canAddMore' is declared but its value is never read.
src/lib/trpc.ts(5,7): error TS7023: 'createRecursiveProxy' implicitly has return type 'any' because it does not have a return type annotation and is referenced directly or indirectly in one of its return expressions.
src/pages/ComponentShowcase.tsx(180,10): error TS6133: 'selectedFruits' is declared but its value is never read.
src/pages/ComponentShowcase.tsx(180,26): error TS6133: 'setSelectedFruits' is declared but its value is never read.
src/pages/compras/Fornecedores.tsx(214,38): error TS7006: Parameter 'fornecedor' implicitly has an 'any' type.
src/pages/compras/PedidosCompra.tsx(118,43): error TS7006: Parameter 'forn' implicitly has an 'any' type.
src/pages/compras/PedidosCompra.tsx(199,46): error TS7006: Parameter 'f' implicitly has an 'any' type.
src/pages/estoque/BaixasManuais.tsx(29,17): error TS6133: 'Plus' is declared but its value is never read.
src/pages/estoque/BaixasManuais.tsx(36,29): error TS6133: 'setSelectedProdutoId' is declared but its value is never read.
src/pages/estoque/BaixasManuais.tsx(37,17): error TS6133: 'movimentacoes' is declared but its value is never read.
src/pages/estoque/BaixasManuais.tsx(43,28): error TS6133: 'setAllMovimentacoes' is declared but its value is never read.
src/pages/estoque/BaixasManuais.tsx(56,37): error TS7006: Parameter 'p' implicitly has an 'any' type.
src/pages/estoque/BaixasManuais.tsx(152,39): error TS7006: Parameter 'produto' implicitly has an 'any' type.
src/pages/estoque/BaixasManuais.tsx(233,53): error TS7006: Parameter 'p' implicitly has an 'any' type.
src/pages/estoque/EntradaMercadoria.tsx(28,10): error TS6133: 'selectedNota' is declared but its value is never read.
src/pages/estoque/EntradaMercadoria.tsx(28,24): error TS6133: 'setSelectedNota' is declared but its value is never read.
src/pages/estoque/EntradaNFe.tsx(21,28): error TS6133: 'ChevronDown' is declared but its value is never read.
src/pages/estoque/EntradaNFe.tsx(28,10): error TS6133: 'expandedNfe' is declared but its value is never read.
src/pages/estoque/EntradaNFe.tsx(28,23): error TS6133: 'setExpandedNfe' is declared but its value is never read.
src/pages/estoque/EntradaNFe.tsx(118,41): error TS7006: Parameter 'p' implicitly has an 'any' type.
src/pages/estoque/EntradaNFe.tsx(247,63): error TS7006: Parameter 'p' implicitly has an 'any' type.
src/pages/estoque/EntradaNFe.tsx(383,55): error TS7006: Parameter 'p' implicitly has an 'any' type.
src/pages/estoque/Inventario.tsx(80,41): error TS7006: Parameter 'p' implicitly has an 'any' type.
src/pages/estoque/Inventario.tsx(240,35): error TS7006: Parameter 'produto' implicitly has an 'any' type.
src/pages/estoque/Produtos.tsx(696,63): error TS2322: Type 'string | null' is not assignable to type 'string | undefined'.
  Type 'null' is not assignable to type 'string | undefined'.
